[2021-9-25 19:41:26] layer "  facebook    Twitter    Instragram    Linkedin    Google+": Expected end of input but "+" found.
[2021-9-25 19:41:26] layer "+72 Hotels": Expected Either a default asset specification or a layer asset specification but "+" found.
[2021-9-25 19:41:26] layer "+315 Flights": Expected Either a default asset specification or a layer asset specification but "+" found.
